app/page.tsx(166,19): error TS2322: Type '(value: number) => string' is not assignable to type 'Formatter<ValueType, NameType> & ((value: ValueType, name: NameType, item: TooltipPayloadEntry, index: number, payload: TooltipPayload) => ReactNode | [...])'.
  Type '(value: number) => string' is not assignable to type 'Formatter<ValueType, NameType>'.
    Types of parameters 'value' and 'value' are incompatible.
      Type 'ValueType | undefined' is not assignable to type 'number'.
        Type 'undefined' is not assignable to type 'number'.
app/tasks/page.tsx(220,131): error TS2304: Cannot find name 'btnDanger'.
app/working-capital/page.tsx(132,19): error TS2322: Type '(value: number) => string' is not assignable to type 'Formatter<ValueType, NameType> & ((value: ValueType, name: NameType, item: TooltipPayloadEntry, index: number, payload: TooltipPayload) => ReactNode | [...])'.
  Type '(value: number) => string' is not assignable to type 'Formatter<ValueType, NameType>'.
    Types of parameters 'value' and 'value' are incompatible.
      Type 'ValueType | undefined' is not assignable to type 'number'.
        Type 'undefined' is not assignable to type 'number'.
app/working-capital/page.tsx(171,21): error TS2322: Type '(value: number) => string' is not assignable to type 'Formatter<ValueType, NameType> & ((value: ValueType, name: NameType, item: TooltipPayloadEntry, index: number, payload: TooltipPayload) => ReactNode | [...])'.
  Type '(value: number) => string' is not assignable to type 'Formatter<ValueType, NameType>'.
    Types of parameters 'value' and 'value' are incompatible.
      Type 'ValueType | undefined' is not assignable to type 'number'.
        Type 'undefined' is not assignable to type 'number'.
lib/data-context.tsx(288,20): error TS2352: Conversion of type 'Partial<T> & { id: string; createdAt: string; }' to type 'T' may be a mistake because neither type sufficiently overlaps with the other. If this was intentional, convert the expression to 'unknown' first.
  'Partial<T> & { id: string; createdAt: string; }' is assignable to the constraint of type 'T', but 'T' could be instantiated with a different subtype of constraint '{ id: string; }'.
lib/data-context.tsx(318,15): error TS2345: Argument of type 'Partial<T>' is not assignable to parameter of type 'RejectExcessProperties<any, T>'.
  Type 'Partial<T>' is not assignable to type 'T'.
    'T' could be instantiated with an arbitrary type which could be unrelated to 'Partial<T>'.
